218 raw entries from rev 1376910601 (+60 scandal entries)
  fetched 0/201
  fetched 25/201
  fetched 50/201
  fetched 75/201
  fetched 100/201
  fetched 125/201
  fetched 150/201
  fetched 175/201
  fetched 200/201
member lists matched 19 people
{
 "generated": "2026-09-30T18:53:13+00:00",
 "source": "https://en.wikipedia.org/wiki/List_of_people_named_in_the_Epstein_files",
 "source_revision": 1376910601,
 "member_list_error": null,
 "counts": {
  "people": 210,
  "epstein": 152,
  "scandal": 58,
  "cornell": 3,
  "excluded": 7,
  "unresolved": 1,
  "ivy_yes": 62,
  "ivy_possible": 0,
  "by_school": {
   "Brown": {
    "yes": 1,
    "possible": 0
   },
   "Columbia": {
    "yes": 13,
    "possible": 0
   },
   "Cornell": {
    "yes": 3,
    "possible": 0
   },
   "Dartmouth": {
    "yes": 1,
    "possible": 0
   },
   "Harvard": {
    "yes": 32,
    "possible": 0
   },
   "Penn": {
    "yes": 12,
    "possible": 0
   },
   "Princeton": {
    "yes": 4,
    "possible": 0
   },
   "Yale": {
    "yes": 5,
    "possible": 0
   }
  },
  "frat_yes": 21,
  "frat_possible": 0,
  "orgs_yes": 5,
  "orgs_possible": 10
 }
}
